module ./builtin
object q_empty
enum QType
    prefix QTYPE
    member none
    member qnull
    member qnum
    member qstring
    member qdict
    member qlist
    member qbool
module doc-empty-features.json
command foo None -> None
    gen=True success_response=True boxed=False oob=False preconfig=False
doc symbol=foo
    body=
not a description
