...............
----------------------------------------------------------------------
Ran 15 tests

OK
